15:47:25 **** Build of configuration Debug for project ddr3 ****
make all 
make --no-print-directory pre-build
a9-linaro-pre-build-step
' '
make --no-print-directory main-build
'Building file: ../src/test01.c'
'Invoking: ARM v7 gcc compiler'
arm-none-eabi-gcc -Wall -O0 -g3 -c -fmessage-length=0 -MT"src/test01.o" -mcpu=cortex-a9 -mfpu=vfpv3 -mfloat-abi=hard -ID:/project_vllogic/vllink_zynq7ext/board_zynq7ext/test/03_ddr3_uart/vitis/system_wrapper/export/system_wrapper/sw/system_wrapper/standalone_ps7_cortexa9_0/bspinclude/include -MMD -MP -MF"src/test01.d" -MT"src/test01.o" -o "src/test01.o" "../src/test01.c"
'Finished building: ../src/test01.c'
' '
'Building file: ../src/translation_table.s'
'Invoking: ARM v7 gcc assembler'
arm-none-eabi-gcc -c  -o"src/translation_table.o" "../src/translation_table.s"
'Finished building: ../src/translation_table.s'
' '
'Building target: ddr3.elf'
'Invoking: ARM v7 gcc linker'
arm-none-eabi-gcc -mcpu=cortex-a9 -mfpu=vfpv3 -mfloat-abi=hard -Wl,-build-id=none -specs=Xilinx.spec -Wl,-T -Wl,../src/lscript.ld -LD:/project_vllogic/vllink_zynq7ext/board_zynq7ext/test/03_ddr3_uart/vitis/system_wrapper/export/system_wrapper/sw/system_wrapper/standalone_ps7_cortexa9_0/bsplib/lib -o "ddr3.elf"  ./src/test01.o ./src/translation_table.o   -Wl,--start-group,-lxil,-lgcc,-lc,--end-group
'Finished building target: ddr3.elf'
' '
'Invoking: ARM v7 Print Size'
arm-none-eabi-size ddr3.elf  |tee "ddr3.elf.size"
   text	   data	    bss	    dec	    hex	filename
  88887	   4788	  66536	 160211	  271d3	ddr3.elf
'Finished building: ddr3.elf.size'
' '

15:47:26 Build Finished (took 672ms)

